▲ Next.js 16.2.11
- Local:         http://localhost:3460
- Network:       http://10.51.158.19:3460
✓ Ready in 564ms
[migrations] Failed to initialize database: Connection lost: The server closed the connection.
Failed to prepare server Error: An error occurred while loading instrumentation hook: Connection lost: The server closed the connection.
    at I (C:\Users\HP\Desktop\Mzys-Onitsha\mzys-onitsha\.next\server\chunks\_1sb2p8j._.js:5:270959)
    at Module.r [as register] (C:\Users\HP\Desktop\Mzys-Onitsha\mzys-onitsha\.next\server\chunks\src_1-vktao._.js:1:107) {
  fatal: true,
  code: 'PROTOCOL_CONNECTION_LOST'
}
Error: An error occurred while loading instrumentation hook: Connection lost: The server closed the connection.
    at I (C:\Users\HP\Desktop\Mzys-Onitsha\mzys-onitsha\.next\server\chunks\_1sb2p8j._.js:5:270959)
    at Module.r [as register] (C:\Users\HP\Desktop\Mzys-Onitsha\mzys-onitsha\.next\server\chunks\src_1-vktao._.js:1:107) {
  fatal: true,
  code: 'PROTOCOL_CONNECTION_LOST'
}
⨯ unhandledRejection:  Error: An error occurred while loading instrumentation hook: Connection lost: The server closed the connection.
    at I (C:\Users\HP\Desktop\Mzys-Onitsha\mzys-onitsha\.next\server\chunks\_1sb2p8j._.js:5:270959)
    at Module.r [as register] (C:\Users\HP\Desktop\Mzys-Onitsha\mzys-onitsha\.next\server\chunks\src_1-vktao._.js:1:107) {
  fatal: true,
  code: 'PROTOCOL_CONNECTION_LOST'
}
Failed to prepare server Error: An error occurred while loading instrumentation hook: Connection lost: The server closed the connection.
    at I (C:\Users\HP\Desktop\Mzys-Onitsha\mzys-onitsha\.next\server\chunks\_1sb2p8j._.js:5:270959)
    at Module.r [as register] (C:\Users\HP\Desktop\Mzys-Onitsha\mzys-onitsha\.next\server\chunks\src_1-vktao._.js:1:107) {
  fatal: true,
  code: 'PROTOCOL_CONNECTION_LOST'
}
Error: An error occurred while loading instrumentation hook: Connection lost: The server closed the connection.
    at I (C:\Users\HP\Desktop\Mzys-Onitsha\mzys-onitsha\.next\server\chunks\_1sb2p8j._.js:5:270959)
    at Module.r [as register] (C:\Users\HP\Desktop\Mzys-Onitsha\mzys-onitsha\.next\server\chunks\src_1-vktao._.js:1:107) {
  fatal: true,
  code: 'PROTOCOL_CONNECTION_LOST'
}
Error: An error occurred while loading instrumentation hook: Connection lost: The server closed the connection.
    at I (C:\Users\HP\Desktop\Mzys-Onitsha\mzys-onitsha\.next\server\chunks\_1sb2p8j._.js:5:270959)
    at Module.r [as register] (C:\Users\HP\Desktop\Mzys-Onitsha\mzys-onitsha\.next\server\chunks\src_1-vktao._.js:1:107) {
  fatal: true,
  code: 'PROTOCOL_CONNECTION_LOST'
}
Error: An error occurred while loading instrumentation hook: Connection lost: The server closed the connection.
    at I (C:\Users\HP\Desktop\Mzys-Onitsha\mzys-onitsha\.next\server\chunks\_1sb2p8j._.js:5:270959)
    at Module.r [as register] (C:\Users\HP\Desktop\Mzys-Onitsha\mzys-onitsha\.next\server\chunks\src_1-vktao._.js:1:107) {
  fatal: true,
  code: 'PROTOCOL_CONNECTION_LOST'
}
Error: An error occurred while loading instrumentation hook: Connection lost: The server closed the connection.
    at I (C:\Users\HP\Desktop\Mzys-Onitsha\mzys-onitsha\.next\server\chunks\_1sb2p8j._.js:5:270959)
    at Module.r [as register] (C:\Users\HP\Desktop\Mzys-Onitsha\mzys-onitsha\.next\server\chunks\src_1-vktao._.js:1:107) {
  fatal: true,
  code: 'PROTOCOL_CONNECTION_LOST'
}
Error: An error occurred while loading instrumentation hook: Connection lost: The server closed the connection.
    at I (C:\Users\HP\Desktop\Mzys-Onitsha\mzys-onitsha\.next\server\chunks\_1sb2p8j._.js:5:270959)
    at Module.r [as register] (C:\Users\HP\Desktop\Mzys-Onitsha\mzys-onitsha\.next\server\chunks\src_1-vktao._.js:1:107) {
  fatal: true,
  code: 'PROTOCOL_CONNECTION_LOST'
}
Error: An error occurred while loading instrumentation hook: Connection lost: The server closed the connection.
    at I (C:\Users\HP\Desktop\Mzys-Onitsha\mzys-onitsha\.next\server\chunks\_1sb2p8j._.js:5:270959)
    at Module.r [as register] (C:\Users\HP\Desktop\Mzys-Onitsha\mzys-onitsha\.next\server\chunks\src_1-vktao._.js:1:107) {
  fatal: true,
  code: 'PROTOCOL_CONNECTION_LOST'
}
